// Jest Snapshot v1, https://goo.gl/fbAQLP

exports[`matches MenuDropdown snapshot 1`] = `
Array [
  <div
    className="menuParent"
  >
    <div
      className="navItem"
    >
      <div
        className="navHeader"
      >
         
        <button
          className="dropdownMenuIcon dpIcon "
          onClick={[Function]}
        >
          <svg
            className="navIcon"
            fill="none"
            height="1em"
            viewBox="0 0 24 24"
            xmlns="http://www.w3.org/2000/svg"
          >
            <path
              d="M17.9188 8.17969H11.6888H6.07877C5.11877 8.17969 4.63877 9.33969 5.31877 10.0197L10.4988 15.1997C11.3288 16.0297 12.6788 16.0297 13.5088 15.1997L15.4788 13.2297L18.6888 10.0197C19.3588 9.33969 18.8788 8.17969 17.9188 8.17969Z"
            />
          </svg>
           
        </button>
         
      </div>
      <div
        className="menuTitle"
      >
        Channel
      </div>
      <div
        className="leftIcons"
      >
        <div
          className="leftIcon dropdownMenuIcon dpIcon"
        >
           
          <svg
            className="navIcon"
            enableBackground="new 0 0 24 24;"
            fill="white"
            height="1em"
            id="Layer_1"
            stroke="white"
            version="1.1"
            viewBox="0 0 24 24"
            width="1em"
            x="0px"
            xmlSpace="preserve"
            xmlns="http://www.w3.org/2000/svg"
            xmlnsXlink="http://www.w3.org/1999/xlink"
            y="0px"
          >
            <circle
              cx="12"
              cy="3"
              r="1.1"
            />
            <circle
              cx="12"
              cy="12"
              r="1.1"
            />
            <circle
              cx="12"
              cy="21"
              r="1.1"
            />
          </svg>
           
        </div>
        <div
          className="leftIcon dropdownMenuIcon dpIcon"
        >
          <svg
            className="navIcon"
            fill="none"
            height="1.2em"
            viewBox="0 0 24 24"
            width="1.2em"
            xmlns="http://www.w3.org/2000/svg"
          >
            <path
              d="M6 12H18"
              stroke="#ffffff"
              strokeLinecap="round"
              strokeLinejoin="round"
              strokeWidth="1.5"
            />
            <path
              d="M12 18V6"
              stroke="#ffffff"
              strokeLinecap="round"
              strokeLinejoin="round"
              strokeWidth="1.5"
            />
          </svg>
        </div>
      </div>
    </div>
  </div>,
  <div
    className="subContainer "
  >
    <button
      className="menuItem"
    >
      <div
        className="subMenu"
      >
        <span
          className="menuIcon"
        >
           #
        </span>
        new hires
      </div>
    </button>
  </div>,
]
`;
